ICM20948.c:44:6:ICM_ReadBytes	32	static
ICM20948.c:53:6:ICM_WriteBytes	32	static
ICM20948.c:63:6:ICM_ReadOneByte	32	static
ICM20948.c:76:6:ICM_WriteOneByte	16	static
ICM20948.c:85:6:ICM_SelectBank	16	static
ICM20948.c:91:6:ICM_Initialize	136	static
ICM20948.c:195:6:ICM_CSHigh	8	static
ICM20948.c:200:6:ICM_CSLow	8	static
ICM20948.c:206:9:ICM_GyroConfig	32	static
ICM20948.c:252:6:ICM_GyroCalibration	296	static
ICM20948.c:287:6:ICM_AccCalibration	168	static
ICM20948.c:312:6:ICM_ReadGyroData	48	static
ICM20948.c:332:6:ICM_ReadAccData	40	static
ICM20948.c:349:9:ICM_AccConfig	32	static
ICM20948.c:398:9:ICM_WHOAMI	32	static
ICM20948.c:410:6:ICM_MagPanCalibration	368	dynamic
ICM20948.c:547:6:ICM_ReadMagData	88	static
ICM20948.c:625:9:ICM_MagRead	32	static
ICM20948.c:641:6:ICM_MagWrite	16	static
