ICM20948_SPI.c:44:6:ICM_ReadBytes	32	static
ICM20948_SPI.c:53:6:ICM_WriteBytes	32	static
ICM20948_SPI.c:63:6:ICM_ReadOneByte	32	static
ICM20948_SPI.c:76:6:ICM_WriteOneByte	16	static
ICM20948_SPI.c:85:6:ICM_SelectBank	16	static
ICM20948_SPI.c:91:6:ICM_Initialize	136	static
ICM20948_SPI.c:184:6:ICM_CSHigh	8	static
ICM20948_SPI.c:189:6:ICM_CSLow	8	static
ICM20948_SPI.c:195:9:ICM_GyroConfig	32	static
ICM20948_SPI.c:241:6:ICM_GyroCalibration	304	static
ICM20948_SPI.c:274:6:ICM_AccCalibration	304	static
ICM20948_SPI.c:334:6:ICM_ReadGyroData	48	static
ICM20948_SPI.c:350:6:ICM_ReadAccData	48	static
ICM20948_SPI.c:366:9:ICM_AccConfig	32	static
ICM20948_SPI.c:416:9:ICM_WHOAMI	32	static
ICM20948_SPI.c:435:6:ICM_ReadMagData	80	static
ICM20948_SPI.c:517:6:ICM_MagConfig	80	static
ICM20948_SPI.c:599:6:ICM_MagWrite	16	static
ICM20948_SPI.c:607:9:ICM_MagRead	32	static
ICM20948_SPI.c:617:6:ICM_MagReadMulti	32	static
ICM20948_SPI.c:625:6:ICM_EnableMagRead	16	static
